     1                                  ; hello.asm
     2                                  section .data
     3 00000000 48656C6C6F2C20576F-         msg     db  "Hello, World!", 0xa, 0  ; message w/newline and null terminator
     3 00000009 726C64210A00       
     4                                  section .bss
     5                                  section .text
     6                                      global  main
     7                                  main:
     8 00000000 55                      push rbp
     9 00000001 4889E5                  mov rbp, rsp        ; for correct debugging
    10                                  
    11 00000004 B801000000                  mov rax, 1      ; 1 = write
    12 00000009 BF01000000                  mov rdi, 1      ; 1 = to stdout
    13 0000000E 48BE-                       mov rsi, msg    ; string to display in rsi
    13 00000010 [0000000000000000] 
    14 00000018 BA0E000000                  mov rdx, 14     ; length of the string, without 0
    15 0000001D 0F05                        syscall         ; display the string
    16                                  
    17 0000001F 4889EC                  mov rsp, rbp
    18 00000022 5D                      pop rbp
    19 00000023 C3                      ret
